// Jest Snapshot v1, https://goo.gl/fbAQLP

exports[`matches the snapshot 1`] = `
<DocumentFragment>
  <div>
    <h3>
      Please Sign Up or Log In.
    </h3>
  </div>
</DocumentFragment>
`;
